Archive member included to satisfy reference by file (symbol)

c:/program files (x86)/atmel/studio/7.0/toolchain/avr8/avr8-gnu-toolchain/bin/../lib/gcc/avr/4.9.2/avr5\libgcc.a(_mulsi3.o)
                              WMath.o (__mulsi3)
c:/program files (x86)/atmel/studio/7.0/toolchain/avr8/avr8-gnu-toolchain/bin/../lib/gcc/avr/4.9.2/avr5\libgcc.a(_udivmodsi4.o)
                              HardwareSerial.o (__udivmodsi4)
c:/program files (x86)/atmel/studio/7.0/toolchain/avr8/avr8-gnu-toolchain/bin/../lib/gcc/avr/4.9.2/avr5\libgcc.a(_divmodsi4.o)
                              WMath.o (__divmodsi4)
c:/program files (x86)/atmel/studio/7.0/toolchain/avr8/avr8-gnu-toolchain/bin/../lib/gcc/avr/4.9.2/avr5\libgcc.a(_negsi2.o)
                              c:/program files (x86)/atmel/studio/7.0/toolchain/avr8/avr8-gnu-toolchain/bin/../lib/gcc/avr/4.9.2/avr5\libgcc.a(_divmodsi4.o) (__negsi2)
c:/program files (x86)/atmel/studio/7.0/toolchain/avr8/avr8-gnu-toolchain/bin/../lib/gcc/avr/4.9.2/avr5\libgcc.a(_exit.o)
                              C:/Program Files (x86)/Atmel/Studio/7.0/Packs/atmel/ATmega_DFP/1.0.106/gcc/dev/atmega328p/avr5/crtatmega328p.o (exit)
c:/program files (x86)/atmel/studio/7.0/toolchain/avr8/avr8-gnu-toolchain/bin/../lib/gcc/avr/4.9.2/avr5\libgcc.a(_tablejump2.o)
                              twi.o (__tablejump2__)
c:/program files (x86)/atmel/studio/7.0/toolchain/avr8/avr8-gnu-toolchain/bin/../lib/gcc/avr/4.9.2/avr5\libgcc.a(_copy_data.o)
                              HardwareSerial.o (__do_copy_data)
c:/program files (x86)/atmel/studio/7.0/toolchain/avr8/avr8-gnu-toolchain/bin/../lib/gcc/avr/4.9.2/avr5\libgcc.a(_clear_bss.o)
                              HardwareSerial0.o (__do_clear_bss)
c:/program files (x86)/atmel/studio/7.0/toolchain/avr8/avr8-gnu-toolchain/bin/../lib/gcc/avr/4.9.2/avr5\libgcc.a(_ctors.o)
                              HardwareSerial0.o (__do_global_ctors)
c:/program files (x86)/atmel/studio/7.0/toolchain/avr8/avr8-gnu-toolchain/bin/../lib/gcc/avr/4.9.2/avr5\libgcc.a(_dtors.o)
                              main.o (__do_global_dtors)
c:/program files (x86)/atmel/studio/7.0/toolchain/avr8/avr8-gnu-toolchain/bin/../lib/gcc/avr/4.9.2/avr5\libgcc.a(_usmulhisi3.o)
                              Timer1.o (__usmulhisi3)
c:/program files (x86)/atmel/studio/7.0/toolchain/avr8/avr8-gnu-toolchain/bin/../lib/gcc/avr/4.9.2/avr5\libgcc.a(_muluhisi3.o)
                              Tone.o (__muluhisi3)
c:/program files (x86)/atmel/studio/7.0/toolchain/avr8/avr8-gnu-toolchain/bin/../lib/gcc/avr/4.9.2/avr5\libgcc.a(_umulhisi3.o)
                              c:/program files (x86)/atmel/studio/7.0/toolchain/avr8/avr8-gnu-toolchain/bin/../lib/gcc/avr/4.9.2/avr5\libgcc.a(_usmulhisi3.o) (__umulhisi3)
c:/program files (x86)/atmel/studio/7.0/toolchain/avr8/avr8-gnu-toolchain/bin/../lib/gcc/avr/4.9.2/../../../../avr/lib/avr5\libm.a(addsf3.o)
                              PID_v1.o (__subsf3)
c:/program files (x86)/atmel/studio/7.0/toolchain/avr8/avr8-gnu-toolchain/bin/../lib/gcc/avr/4.9.2/../../../../avr/lib/avr5\libm.a(addsf3x.o)
                              c:/program files (x86)/atmel/studio/7.0/toolchain/avr8/avr8-gnu-toolchain/bin/../lib/gcc/avr/4.9.2/../../../../avr/lib/avr5\libm.a(addsf3.o) (__addsf3x)
c:/program files (x86)/atmel/studio/7.0/toolchain/avr8/avr8-gnu-toolchain/bin/../lib/gcc/avr/4.9.2/../../../../avr/lib/avr5\libm.a(cmpsf2.o)
                              PID_v1.o (__ltsf2)
c:/program files (x86)/atmel/studio/7.0/toolchain/avr8/avr8-gnu-toolchain/bin/../lib/gcc/avr/4.9.2/../../../../avr/lib/avr5\libm.a(divsf3.o)
                              PID_v1.o (__divsf3)
c:/program files (x86)/atmel/studio/7.0/toolchain/avr8/avr8-gnu-toolchain/bin/../lib/gcc/avr/4.9.2/../../../../avr/lib/avr5\libm.a(divsf3x.o)
                              c:/program files (x86)/atmel/studio/7.0/toolchain/avr8/avr8-gnu-toolchain/bin/../lib/gcc/avr/4.9.2/../../../../avr/lib/avr5\libm.a(divsf3.o) (__divsf3x)
c:/program files (x86)/atmel/studio/7.0/toolchain/avr8/avr8-gnu-toolchain/bin/../lib/gcc/avr/4.9.2/../../../../avr/lib/avr5\libm.a(fixunssfsi.o)
                              Print.o (__fixunssfsi)
c:/program files (x86)/atmel/studio/7.0/toolchain/avr8/avr8-gnu-toolchain/bin/../lib/gcc/avr/4.9.2/../../../../avr/lib/avr5\libm.a(floatsisf.o)
                              PID_v1.o (__floatunsisf)
c:/program files (x86)/atmel/studio/7.0/toolchain/avr8/avr8-gnu-toolchain/bin/../lib/gcc/avr/4.9.2/../../../../avr/lib/avr5\libm.a(fp_cmp.o)
                              c:/program files (x86)/atmel/studio/7.0/toolchain/avr8/avr8-gnu-toolchain/bin/../lib/gcc/avr/4.9.2/../../../../avr/lib/avr5\libm.a(cmpsf2.o) (__fp_cmp)
c:/program files (x86)/atmel/studio/7.0/toolchain/avr8/avr8-gnu-toolchain/bin/../lib/gcc/avr/4.9.2/../../../../avr/lib/avr5\libm.a(fp_inf.o)
[...]
Memory Configuration

Name             Origin             Length             Attributes
text             0x00000000         0x00020000         xr
data             0x00800060         0x0000ffa0         rw !x
eeprom           0x00810000         0x00010000         rw !x
fuse             0x00820000         0x00000400         rw !x
lock             0x00830000         0x00000400         rw !x
signature        0x00840000         0x00000400         rw !x
user_signatures  0x00850000         0x00000400         rw !x
*default*        0x00000000         0xffffffff

Linker script and memory map

Address of section .data set to 0x800100
LOAD C:/Program Files (x86)/Atmel/Studio/7.0/Packs/atmel/ATmega_DFP/1.0.106/gcc/dev/atmega328p/avr5/crtatmega328p.o
LOAD abi.o
LOAD CDC.o
LOAD HardwareSerial.o
LOAD HardwareSerial0.o
LOAD HardwareSerial1.o
LOAD HardwareSerial2.o
LOAD HardwareSerial3.o
LOAD hooks.o
LOAD IPAddress.o
LOAD main.o
LOAD new.o
LOAD PID_v1.o
LOAD PluggableUSB.o
LOAD Print.o
LOAD Stream.o
LOAD Timer1.o
LOAD Tone.o
LOAD twi.o
LOAD USBCore.o
LOAD WInterrupts.o
LOAD Wire.o
LOAD wiring.o
LOAD wiring_analog.o
LOAD wiring_digital.o
LOAD wiring_pulse.o
LOAD wiring_shift.o
LOAD WMath.o
LOAD WString.o
START GROUP
END GROUP
LOAD c:/program files (x86)/atmel/studio/7.0/toolchain/avr8/avr8-gnu-toolchain/bin/../lib/gcc/avr/4.9.2/avr5\libgcc.a
LOAD c:/program files (x86)/atmel/studio/7.0/toolchain/avr8/avr8-gnu-toolchain/bin/../lib/gcc/avr/4.9.2/../../../../avr/lib/avr5\libm.a
START GROUP
LOAD c:/program files (x86)/atmel/studio/7.0/toolchain/avr8/avr8-gnu-toolchain/bin/../lib/gcc/avr/4.9.2/avr5\libgcc.a
LOAD c:/program files (x86)/atmel/studio/7.0/toolchain/avr8/avr8-gnu-toolchain/bin/../lib/gcc/avr/4.9.2/../../../../avr/lib/avr5\libm.a
LOAD c:/program files (x86)/atmel/studio/7.0/toolchain/avr8/avr8-gnu-toolchain/bin/../lib/gcc/avr/4.9.2/../../../../avr/lib/avr5\libc.a
LOAD C:/Program Files (x86)/Atmel/Studio/7.0/Packs/atmel/ATmega_DFP/1.0.106/gcc/dev/atmega328p/avr5\libatmega328p.a
END GROUP
                0x00020000                __TEXT_REGION_LENGTH__ = DEFINED (__TEXT_REGION_LENGTH__)?__TEXT_REGION_LENGTH__:0x20000
                0x0000ffa0                __DATA_REGION_LENGTH__ = DEFINED (__DATA_REGION_LENGTH__)?__DATA_REGION_LENGTH__:0xffa0
                0x00010000                __EEPROM_REGION_LENGTH__ = DEFINED (__EEPROM_REGION_LENGTH__)?__EEPROM_REGION_LENGTH__:0x10000
                0x00000400                __FUSE_REGION_LENGTH__ = DEFINED (__FUSE_REGION_LENGTH__)?__FUSE_REGION_LENGTH__:0x400
                0x00000400                __LOCK_REGION_LENGTH__ = DEFINED (__LOCK_REGION_LENGTH__)?__LOCK_REGION_LENGTH__:0x400
                0x00000400                __SIGNATURE_REGION_LENGTH__ = DEFINED (__SIGNATURE_REGION_LENGTH__)?__SIGNATURE_REGION_LENGTH__:0x400
                0x00000400                __USER_SIGNATURE_REGION_LENGTH__ = DEFINED (__USER_SIGNATURE_REGION_LENGTH__)?__USER_SIGNATURE_REGION_LENGTH__:0x400

.hash
 *(.hash)

.dynsym
 *(.dynsym)

.dynstr
 *(.dynstr)

.gnu.version
 *(.gnu.version)

.gnu.version_d
 *(.gnu.version_d)

.gnu.version_r
 *(.gnu.version_r)

.rel.init
 *(.rel.init)

.rela.init
 *(.rela.init)

.rel.text
 *(.rel.text)
 *(.rel.text.*)
 *(.rel.gnu.linkonce.t*)

.rela.text
 *(.rela.text)
 *(.rela.text.*)
 *(.rela.gnu.linkonce.t*)

.rel.fini
 *(.rel.fini)

.rela.fini
 *(.rela.fini)

.rel.rodata
 *(.rel.rodata)
 *(.rel.rodata.*)
 *(.rel.gnu.linkonce.r*)

.rela.rodata
 *(.rela.rodata)
 *(.rela.rodata.*)
 *(.rela.gnu.linkonce.r*)

.rel.data
 *(.rel.data)
 *(.rel.data.*)
 *(.rel.gnu.linkonce.d*)

.rela.data
 *(.rela.data)
 *(.rela.data.*)
 *(.rela.gnu.linkonce.d*)

.rel.ctors
 *(.rel.ctors)

.rela.ctors
 *(.rela.ctors)

.rel.dtors
 *(.rel.dtors)

.rela.dtors
 *(.rela.dtors)

.rel.got
 *(.rel.got)

.rela.got
 *(.rela.got)

.rel.bss
 *(.rel.bss)

.rela.bss
 *(.rela.bss)

.rel.plt
 *(.rel.plt)

.rela.plt
 *(.rela.plt)

.text           0x00000000     0x2c40
 *(.vectors)
 .vectors       0x00000000       0x68 C:/Program Files (x86)/Atmel/Studio/7.0/Packs/atmel/ATmega_DFP/1.0.106/gcc/dev/atmega328p/avr5/crtatmega328p.o
                0x00000000                __vector_default
                0x00000000                __vectors
 *(.vectors)
 *(.progmem.gcc*)
 .progmem.gcc_sw_table.__vector_24
                0x00000068      0x192 twi.o
                0x000001fa                . = ALIGN (0x2)
                0x000001fa                __trampolines_start = .
 *(.trampolines)
 .trampolines   0x000001fa        0x0 linker stubs
 *(.trampolines*)
                0x000001fa                __trampolines_end = .
 *libprintf_flt.a:*(.progmem.data)
 *libc.a:*(.progmem.data)
 *(.progmem*)
 .progmem.data._ZL21tone_pin_to_timer_PGM
                0x000001fa        0x1 Tone.o
 .progmem.data.digital_pin_to_timer_PGM
                0x000001fb       0x14 wiring_digital.o
                0x000001fb                digital_pin_to_timer_PGM
 .progmem.data.digital_pin_to_bit_mask_PGM
                0x0000020f       0x14 wiring_digital.o
                0x0000020f                digital_pin_to_bit_mask_PGM
 .progmem.data.digital_pin_to_port_PGM
                0x00000223       0x14 wiring_digital.o
                0x00000223                digital_pin_to_port_PGM
 .progmem.data.port_to_input_PGM
                0x00000237        0xa wiring_digital.o
                0x00000237                port_to_input_PGM
 .progmem.data.port_to_output_PGM
                0x00000241        0xa wiring_digital.o
                0x00000241                port_to_output_PGM
 .progmem.data.port_to_mode_PGM
                0x0000024b        0xa wiring_digital.o
                0x0000024b                port_to_mode_PGM
                0x00000256                . = ALIGN (0x2)
 *fill*         0x00000255        0x1 
 *(.jumptables)
 *(.jumptables*)
 *(.lowtext)
 *(.lowtext*)
                0x00000256                __ctors_start = .
 *(.ctors)
 .ctors         0x00000256        0x2 HardwareSerial0.o
 .ctors         0x00000258        0x2 IPAddress.o
 .ctors         0x0000025a        0x2 main.o
 .ctors         0x0000025c        0x2 Wire.o
                0x0000025e                __ctors_end = .
                0x0000025e                __dtors_start = .
 *(.dtors)
 .dtors         0x0000025e        0x2 main.o
                0x00000260                __dtors_end = .
 SORT(*)(.ctors)
 SORT(*)(.dtors)
 *(.init0)
 .init0         0x00000260        0x0 C:/Program Files (x86)/Atmel/Studio/7.0/Packs/atmel/ATmega_DFP/1.0.106/gcc/dev/atmega328p/avr5/crtatmega328p.o
                0x00000260                __init
 *(.init0)
 *(.init1)
 *(.init1)
 *(.init2)
 .init2         0x00000260        0xc C:/Program Files (x86)/Atmel/Studio/7.0/Packs/atmel/ATmega_DFP/1.0.106/gcc/dev/atmega328p/avr5/crtatmega328p.o
 *(.init2)
 *(.init3)
 *(.init3)
 *(.init4)
 .init4         0x0000026c       0x16 c:/program files (x86)/atmel/studio/7.0/toolchain/avr8/avr8-gnu-toolchain/bin/../lib/gcc/avr/4.9.2/avr5\libgcc.a(_copy_data.o)
                0x0000026c                __do_copy_data
 .init4         0x00000282       0x10 c:/program files (x86)/atmel/studio/7.0/toolchain/avr8/avr8-gnu-toolchain/bin/../lib/gcc/avr/4.9.2/avr5\libgcc.a(_clear_bss.o)
                0x00000282                __do_clear_bss
 *(.init4)
 *(.init5)
 *(.init5)
 *(.init6)
 .init6         0x00000292       0x16 c:/program files (x86)/atmel/studio/7.0/toolchain/avr8/avr8-gnu-toolchain/bin/../lib/gcc/avr/4.9.2/avr5\libgcc.a(_ctors.o)
                0x00000292                __do_global_ctors
 *(.init6)
 *(.init7)
 *(.init7)
 *(.init8)
 *(.init8)
 *(.init9)
 .init9         0x000002a8        0x8 C:/Program Files (x86)/Atmel/Studio/7.0/Packs/atmel/ATmega_DFP/1.0.106/gcc/dev/atmega328p/avr5/crtatmega328p.o
 *(.init9)
 *(.text)
 .text          0x000002b0        0x4 C:/Program Files (x86)/Atmel/Studio/7.0/Packs/atmel/ATmega_DFP/1.0.106/gcc/dev/atmega328p/avr5/crtatmega328p.o
                0x000002b0                __vector_22
                0x000002b0                __vector_12
                0x000002b0                __bad_interrupt
                0x000002b0                __vector_6
                0x000002b0                __vector_3
                0x000002b0                __vector_23
                0x000002b0                __vector_25
                0x000002b0                __vector_13
                0x000002b0                __vector_17
                0x000002b0                __vector_5
                0x000002b0                __vector_4
                0x000002b0                __vector_9
                0x000002b0                __vector_21
                0x000002b0                __vector_15
                0x000002b0                __vector_8
                0x000002b0                __vector_14
                0x000002b0                __vector_10
                0x000002b0                __vector_20
                0x000002b4                . = ALIGN (0x2)
 *(.text.*)
 .text._ZN14HardwareSerial9availableEv
                0x000002b4       0x18 HardwareSerial.o
                0x000002b4                _ZN14HardwareSerial9availableEv
 .text._ZN14HardwareSerial4peekEv
                0x000002cc       0x1c HardwareSerial.o
                0x000002cc                _ZN14HardwareSerial4peekEv
 .text._ZN14HardwareSerial4readEv
                0x000002e8       0x28 HardwareSerial.o
                0x000002e8                _ZN14HardwareSerial4readEv
 .text._ZN14HardwareSerial17availableForWriteEv
                0x00000310       0x24 HardwareSerial.o
                0x00000310                _ZN14HardwareSerial17availableForWriteEv
 .text._Z14serialEventRunv
                0x00000334       0x1c HardwareSerial.o
                0x00000334                _Z14serialEventRunv
 .text._ZN14HardwareSerial17_tx_udr_empty_irqEv
                0x00000350       0x54 HardwareSerial.o
                0x00000350                _ZN14HardwareSerial17_tx_udr_empty_irqEv
 .text._ZN14HardwareSerial5flushEv
                0x000003a4       0x44 HardwareSerial.o
                0x000003a4                _ZN14HardwareSerial5flushEv
 .text._ZN14HardwareSerial5writeEh
                0x000003e8       0x9e HardwareSerial.o
                0x000003e8                _ZN14HardwareSerial5writeEh
 .text._ZN14HardwareSerial5beginEmh
                0x00000486       0xd2 HardwareSerial.o
                0x00000486                _ZN14HardwareSerial5beginEmh
 .text._ZN5Print17availableForWriteEv
                0x00000558        0x6 HardwareSerial0.o
                0x00000558                _ZN5Print17availableForWriteEv
 .text.__vector_18
                0x0000055e       0x70 HardwareSerial0.o
                0x0000055e                __vector_18
 .text.__vector_19
                0x000005ce       0x4c HardwareSerial0.o
                0x000005ce                __vector_19
 .text._Z17Serial0_availablev
                0x0000061a       0x14 HardwareSerial0.o
                0x0000061a                _Z17Serial0_availablev
 .text._GLOBAL__sub_I___vector_18
                0x0000062e       0x5a HardwareSerial0.o
 .text._ZNK9IPAddress7printToER5Print
                0x00000688       0x84 IPAddress.o
                0x00000688                _ZNK9IPAddress7printToER5Print
 .text._GLOBAL__sub_I__ZN9IPAddressC2Ev
                0x0000070c       0x16 IPAddress.o
 .text._Z13report_encodev
                0x00000722       0x1a main.o
                0x00000722                _Z13report_encodev
 .text._Z8increasev
                0x0000073c       0x14 main.o
                0x0000073c                _Z8increasev
 .text._Z12requestEventv
                0x00000750       0x22 main.o
                0x00000750                _Z12requestEventv
 .text._Z12receiveEventi
                0x00000772       0xcc main.o
                0x00000772                _Z12receiveEventi
 .text._Z10getSLA_ADRv
                0x0000083e       0x7a main.o
                0x0000083e                _Z10getSLA_ADRv
 .text.initVariant
                0x000008b8        0x2 main.o
                0x000008b8                initVariant
 .text.setup    0x000008ba       0xd4 main.o
                0x000008ba                setup
 .text.loop     0x0000098e       0x74 main.o
                0x0000098e                loop
 .text.main     0x00000a02       0x1e main.o
                0x00000a02                main
 .text._GLOBAL__sub_I_Setpoint
                0x00000a20       0xaa main.o
 .text._GLOBAL__sub_D_Setpoint
                0x00000aca       0x22 main.o
 .text._ZN3PID10SetTuningsEdddi
                0x00000aec      0x1ae PID_v1.o
                0x00000aec                _ZN3PID10SetTuningsEdddi
 .text._ZN3PID22SetControllerDirectionEi
                0x00000c9a       0x78 PID_v1.o
                0x00000c9a                _ZN3PID22SetControllerDirectionEi
 .text._ZN3PIDC2EPdS0_S0_dddii
                0x00000d12       0xe2 PID_v1.o
                0x00000d12                _ZN3PIDC2EPdS0_S0_dddii
                0x00000d12                _ZN3PIDC1EPdS0_S0_dddii
 .text._ZN3PIDC2EPdS0_S0_dddi
                0x00000df4       0x64 PID_v1.o
                0x00000df4                _ZN3PIDC2EPdS0_S0_dddi
                0x00000df4                _ZN3PIDC1EPdS0_S0_dddi
 .text._ZN5Print5writeEPKhj
                0x00000e58       0x5e Print.o
                0x00000e58                _ZN5Print5writeEPKhj
 .text._ZN5Print5printEPKc
                0x00000eb6       0x2c Print.o
                0x00000eb6                _ZN5Print5printEPKc
 .text._ZN5Print5printEc
                0x00000ee2       0x10 Print.o
                0x00000ee2                _ZN5Print5printEc
 .text._ZN5Print7printlnEv
                0x00000ef2       0x18 Print.o
                0x00000ef2                _ZN5Print7printlnEv
 .text._ZN5Print11printNumberEmh
                0x00000f0a       0xbe Print.o
                0x00000f0a                _ZN5Print11printNumberEmh
 .text._ZN5Print5printEli
                0x00000fc8       0x78 Print.o
                0x00000fc8                _ZN5Print5printEli
 .text._ZN5Print5printEii
                0x00001040       0x10 Print.o
                0x00001040                _ZN5Print5printEii
 .text._ZN5Print7printlnEii
                0x00001050       0x2e Print.o
                0x00001050                _ZN5Print7printlnEii
 .text._ZN5Print5printEmi
                0x0000107e       0x1e Print.o
                0x0000107e                _ZN5Print5printEmi
 .text._ZN5Print5printEhi
                0x0000109c       0x10 Print.o
                0x0000109c                _ZN5Print5printEhi
 .text._ZN6Stream9timedReadEv
                0x000010ac       0x60 Stream.o
                0x000010ac                _ZN6Stream9timedReadEv
 .text._ZN6Stream15readStringUntilEc
                0x0000110c       0x54 Stream.o
                0x0000110c                _ZN6Stream15readStringUntilEc
 .text._ZL7nothingv
                0x00001160        0x2 Timer1.o
 .text._ZN6Timer116select_prescalerEi
                0x00001162       0xfe Timer1.o
                0x00001162                _ZN6Timer116select_prescalerEi
 .text._ZN6Timer1C2Ev
                0x00001260       0x2a Timer1.o
                0x00001260                _ZN6Timer1C1Ev
                0x00001260                _ZN6Timer1C2Ev
 .text._ZN6Timer17setModeE6Stringi
                0x0000128a       0xdc Timer1.o
                0x0000128a                _ZN6Timer17setModeE6Stringi
 .text._ZN6Timer115attachInterruptEPFvvE
                0x00001366        0xa Timer1.o
                0x00001366                _ZN6Timer115attachInterruptEPFvvE
 .text._ZN6Timer1D2Ev
                0x00001370        0x6 Timer1.o
                0x00001370                _ZN6Timer1D1Ev
                0x00001370                _ZN6Timer1D2Ev
 .text.__vector_11
                0x00001376       0x4e Timer1.o
                0x00001376                __vector_11
 .text._Z12disableTimerh
                0x000013c4       0x40 Tone.o
                0x000013c4                _Z12disableTimerh
 .text._Z6noToneh
                0x00001404       0x2c Tone.o
                0x00001404                _Z6noToneh
 .text.__vector_7
                0x00001430       0xb8 Tone.o
                0x00001430                __vector_7
 .text.twi_init
                0x000014e8       0x3c twi.o
                0x000014e8                twi_init
 .text.twi_setAddress
                0x00001524        0x8 twi.o
                0x00001524                twi_setAddress
 .text.twi_transmit
                0x0000152c       0x54 twi.o
                0x0000152c                twi_transmit
 .text.twi_attachSlaveRxEvent
                0x00001580        0xa twi.o
                0x00001580                twi_attachSlaveRxEvent
 .text.twi_attachSlaveTxEvent
                0x0000158a        0xa twi.o
                0x0000158a                twi_attachSlaveTxEvent
 .text.twi_stop
                0x00001594       0x16 twi.o
                0x00001594                twi_stop
 .text.twi_releaseBus
                0x000015aa        0xc twi.o
                0x000015aa                twi_releaseBus
 .text.__vector_24
                0x000015b6      0x242 twi.o
                0x000015b6                __vector_24
 .text.nothing  0x000017f8        0x2 WInterrupts.o
 .text.attachInterrupt
                0x000017fa       0x46 WInterrupts.o
                0x000017fa                attachInterrupt
 .text.__vector_1
                0x00001840       0x4e WInterrupts.o
                0x00001840                __vector_1
 .text.__vector_2
                0x0000188e       0x4e WInterrupts.o
                0x0000188e                __vector_2
 .text._ZN7TwoWire9availableEv
                0x000018dc       0x10 Wire.o
                0x000018dc                _ZN7TwoWire9availableEv
 .text._ZN7TwoWire4readEv
                0x000018ec       0x28 Wire.o
                0x000018ec                _ZN7TwoWire4readEv
 .text._ZN7TwoWire4peekEv
                0x00001914       0x1e Wire.o
                0x00001914                _ZN7TwoWire4peekEv
 .text._ZN7TwoWire5flushEv
                0x00001932        0x2 Wire.o
                0x00001932                _ZN7TwoWire5flushEv
 .text._ZN7TwoWire16onReceiveServiceEPhi
                0x00001934       0x58 Wire.o
                0x00001934                _ZN7TwoWire16onReceiveServiceEPhi
 .text._ZN7TwoWire16onRequestServiceEv
                0x0000198c       0x18 Wire.o
                0x0000198c                _ZN7TwoWire16onRequestServiceEv
 .text._ZN7TwoWire5writeEPKhj
                0x000019a4       0x60 Wire.o
                0x000019a4                _ZN7TwoWire5writeEPKhj
 .text._ZN7TwoWire5writeEh
                0x00001a04       0x62 Wire.o
                0x00001a04                _ZN7TwoWire5writeEh
 .text._ZN7TwoWireC2Ev
                0x00001a66       0x20 Wire.o
                0x00001a66                _ZN7TwoWireC1Ev
                0x00001a66                _ZN7TwoWireC2Ev
 .text._ZN7TwoWire5beginEv
                0x00001a86       0x16 Wire.o
                0x00001a86                _ZN7TwoWire5beginEv
 .text._ZN7TwoWire5beginEh
                0x00001a9c       0x28 Wire.o
                0x00001a9c                _ZN7TwoWire5beginEh
 .text._ZN7TwoWire5beginEi
                0x00001ac4        0x6 Wire.o
                0x00001ac4                _ZN7TwoWire5beginEi
 .text._ZN7TwoWire9onReceiveEPFviE
                0x00001aca        0xa Wire.o
                0x00001aca                _ZN7TwoWire9onReceiveEPFviE
 .text._ZN7TwoWire9onRequestEPFvvE
                0x00001ad4        0xa Wire.o
                0x00001ad4                _ZN7TwoWire9onRequestEPFvvE
 .text._GLOBAL__sub_I__ZN7TwoWire8rxBufferE
                0x00001ade        0xa Wire.o
 .text.__vector_16
                0x00001ae8       0x94 wiring.o
                0x00001ae8                __vector_16
 .text.millis   0x00001b7c       0x18 wiring.o
                0x00001b7c                millis
 .text.init     0x00001b94       0x76 wiring.o
                0x00001b94                init
 .text.analogWrite
                0x00001c0a       0xd2 wiring_analog.o
                0x00001c0a                analogWrite
 .text.turnOffPWM
                0x00001cdc       0x5e wiring_digital.o
 .text.pinMode  0x00001d3a       0x7e wiring_digital.o
                0x00001d3a                pinMode
 .text.digitalWrite
                0x00001db8       0x62 wiring_digital.o
                0x00001db8                digitalWrite
 .text.digitalRead
                0x00001e1a       0x52 wiring_digital.o
                0x00001e1a                digitalRead
 .text._ZN6StringD2Ev
                0x00001e6c        0xc WString.o
                0x00001e6c                _ZN6StringD2Ev
                0x00001e6c                _ZN6StringD1Ev
 .text._ZN6String10invalidateEv
                0x00001e78       0x24 WString.o
                0x00001e78                _ZN6String10invalidateEv
 .text._ZN6String12changeBufferEj
                0x00001e9c       0x34 WString.o
                0x00001e9c                _ZN6String12changeBufferEj
 .text._ZN6String7reserveEj
                0x00001ed0       0x40 WString.o
                0x00001ed0                _ZN6String7reserveEj
 .text._ZN6String4copyEPKcj
                0x00001f10       0x42 WString.o
                0x00001f10                _ZN6String4copyEPKcj
 .text._ZN6StringC2EPKc
                0x00001f52       0x2a WString.o
                0x00001f52                _ZN6StringC2EPKc
                0x00001f52                _ZN6StringC1EPKc
 .text._ZN6StringaSERKS_
                0x00001f7c       0x2e WString.o
                0x00001f7c                _ZN6StringaSERKS_
 .text._ZN6StringaSEPKc
                0x00001faa       0x2e WString.o
                0x00001faa                _ZN6StringaSEPKc
 .text._ZN6String6concatEPKcj
                0x00001fd8       0x60 WString.o
                0x00001fd8                _ZN6String6concatEPKcj
 .text._ZN6String6concatEc
                0x00002038       0x26 WString.o
                0x00002038                _ZN6String6concatEc
 .text._ZNK6String6equalsEPKc
                0x0000205e       0x54 WString.o
                0x0000205e                _ZNK6String6equalsEPKc
 .text._ZNK6String7indexOfEcj
                0x000020b2       0x3a WString.o
                0x000020b2                _ZNK6String7indexOfEcj
 .text._ZNK6String7indexOfEc
                0x000020ec        0xa WString.o
                0x000020ec                _ZNK6String7indexOfEc
 .text._ZNK6String7indexOfERKS_j
                0x000020f6       0x40 WString.o
                0x000020f6                _ZNK6String7indexOfERKS_j
 .text._ZNK6String7indexOfERKS_
                0x00002136        0xa WString.o
                0x00002136                _ZNK6String7indexOfERKS_
 .text._ZNK6String9substringEjj
                0x00002140       0x8c WString.o
                0x00002140                _ZNK6String9substringEjj
 .text._ZN6String11toLowerCaseEv
                0x000021cc       0x28 WString.o
                0x000021cc                _ZN6String11toLowerCaseEv
 .text._ZN6String11toUpperCaseEv
                0x000021f4       0x28 WString.o
                0x000021f4                _ZN6String11toUpperCaseEv
 .text._ZNK6String5toIntEv
                0x0000221c       0x18 WString.o
                0x0000221c                _ZNK6String5toIntEv
 .text.libgcc.div
                0x00002234       0x44 c:/program files (x86)/atmel/studio/7.0/toolchain/avr8/avr8-gnu-toolchain/bin/../lib/gcc/avr/4.9.2/avr5\libgcc.a(_udivmodsi4.o)
                0x00002234                __udivmodsi4
 .text.libgcc   0x00002278        0xc c:/program files (x86)/atmel/studio/7.0/toolchain/avr8/avr8-gnu-toolchain/bin/../lib/gcc/avr/4.9.2/avr5\libgcc.a(_tablejump2.o)
                0x00002278                __tablejump2__
 .text.libgcc.mul
                0x00002284        0xe c:/program files (x86)/atmel/studio/7.0/toolchain/avr8/avr8-gnu-toolchain/bin/../lib/gcc/avr/4.9.2/avr5\libgcc.a(_usmulhisi3.o)
                0x00002284                __usmulhisi3
                0x00002288                __usmulhisi3_tail
 .text.libgcc.mul
                0x00002292       0x1e c:/program files (x86)/atmel/studio/7.0/toolchain/avr8/avr8-gnu-toolchain/bin/../lib/gcc/avr/4.9.2/avr5\libgcc.a(_umulhisi3.o)
                0x00002292                __umulhisi3
 .text.avr-libc.fplib
                0x000022b0        0xe c:/program files (x86)/atmel/studio/7.0/toolchain/avr8/avr8-gnu-toolchain/bin/../lib/gcc/avr/4.9.2/../../../../avr/lib/avr5\libm.a(addsf3.o)
                0x000022b0                __subsf3
                0x000022b2                __addsf3
 .text.avr-libc.fplib
                0x000022be       0xcc c:/program files (x86)/atmel/studio/7.0/toolchain/avr8/avr8-gnu-toolchain/bin/../lib/gcc/avr/4.9.2/../../../../avr/lib/avr5\libm.a(addsf3x.o)
                0x000022e0                __addsf3x
 .text.avr-libc.fplib
                0x0000238a        0xa c:/program files (x86)/atmel/studio/7.0/toolchain/avr8/avr8-gnu-toolchain/bin/../lib/gcc/avr/4.9.2/../../../../avr/lib/avr5\libm.a(cmpsf2.o)
                0x0000238a                __nesf2
                0x0000238a                __eqsf2
                0x0000238a                __cmpsf2
                0x0000238a                __ltsf2
                0x0000238a                __lesf2
 .text.avr-libc.fplib
                0x00002394        0x8 c:/program files (x86)/atmel/studio/7.0/toolchain/avr8/avr8-gnu-toolchain/bin/../lib/gcc/avr/4.9.2/../../../../avr/lib/avr5\libm.a(divsf3.o)
                0x00002394                __divsf3
 .text.avr-libc.fplib
                0x0000239c       0xdc c:/program files (x86)/atmel/studio/7.0/toolchain/avr8/avr8-gnu-toolchain/bin/../lib/gcc/avr/4.9.2/../../../../avr/lib/avr5\libm.a(divsf3x.o)
                0x000023bc                __divsf3x
                0x000023c2                __divsf3_pse
 .text.avr-libc.fplib
                0x00002478       0x7a c:/program files (x86)/atmel/studio/7.0/toolchain/avr8/avr8-gnu-toolchain/bin/../lib/gcc/avr/4.9.2/../../../../avr/lib/avr5\libm.a(floatsisf.o)
                0x00002478                __floatunsisf
                0x0000247c                __floatsisf
 .text.avr-libc.fplib
                0x000024f2       0x48 c:/program files (x86)/atmel/studio/7.0/toolchain/avr8/avr8-gnu-toolchain/bin/../lib/gcc/avr/4.9.2/../../../../avr/lib/avr5\libm.a(fp_cmp.o)
                0x000024f2                __fp_cmp
 .text.avr-libc.fplib
                0x0000253a        0xc c:/program files (x86)/atmel/studio/7.0/toolchain/avr8/avr8-gnu-toolchain/bin/../lib/gcc/avr/4.9.2/../../../../avr/lib/avr5\libm.a(fp_inf.o)
                0x0000253a                __fp_inf
 .text.avr-libc.fplib
                0x00002546        0x6 c:/program files (x86)/atmel/studio/7.0/toolchain/avr8/avr8-gnu-toolchain/bin/../lib/gcc/avr/4.9.2/../../../../avr/lib/avr5\libm.a(fp_nan.o)
                0x00002546                __fp_nan
 .text.avr-libc.fplib
                0x0000254c        0xe c:/program files (x86)/atmel/studio/7.0/toolchain/avr8/avr8-gnu-toolchain/bin/../lib/gcc/avr/4.9.2/../../../../avr/lib/avr5\libm.a(fp_pscA.o)
                0x0000254c                __fp_pscA
 .text.avr-libc.fplib
                0x0000255a        0xe c:/program files (x86)/atmel/studio/7.0/toolchain/avr8/avr8-gnu-toolchain/bin/../lib/gcc/avr/4.9.2/../../../../avr/lib/avr5\libm.a(fp_pscB.o)
                0x0000255a                __fp_pscB
 .text.avr-libc.fplib
                0x00002568       0x22 c:/program files (x86)/atmel/studio/7.0/toolchain/avr8/avr8-gnu-toolchain/bin/../lib/gcc/avr/4.9.2/../../../../avr/lib/avr5\libm.a(fp_round.o)
                0x00002568                __fp_round
 .text.avr-libc.fplib
                0x0000258a       0x44 c:/program files (x86)/atmel/studio/7.0/toolchain/avr8/avr8-gnu-toolchain/bin/../lib/gcc/avr/4.9.2/../../../../avr/lib/avr5\libm.a(fp_split3.o)
                0x0000258a                __fp_split3
                0x0000259a                __fp_splitA
 .text.avr-libc.fplib
                0x000025ce        0xe c:/program files (x86)/atmel/studio/7.0/toolchain/avr8/avr8-gnu-toolchain/bin/../lib/gcc/avr/4.9.2/../../../../avr/lib/avr5\libm.a(fp_zero.o)
                0x000025ce                __fp_zero
                0x000025d0                __fp_szero
 .text.avr-libc.fplib
                0x000025dc        0x8 c:/program files (x86)/atmel/studio/7.0/toolchain/avr8/avr8-gnu-toolchain/bin/../lib/gcc/avr/4.9.2/../../../../avr/lib/avr5\libm.a(mulsf3.o)
                0x000025dc                __mulsf3
 .text.avr-libc.fplib
                0x000025e4       0xd2 c:/program files (x86)/atmel/studio/7.0/toolchain/avr8/avr8-gnu-toolchain/bin/../lib/gcc/avr/4.9.2/../../../../avr/lib/avr5\libm.a(mulsf3x.o)
                0x00002602                __mulsf3x
                0x00002608                __mulsf3_pse
 .text.avr-libc
                0x000026b6      0x25a c:/program files (x86)/atmel/studio/7.0/toolchain/avr8/avr8-gnu-toolchain/bin/../lib/gcc/avr/4.9.2/../../../../avr/lib/avr5\libc.a(malloc.o)
                0x000026b6                malloc
                0x000027e0                free
 .text.avr-libc
                0x00002910      0x194 c:/program files (x86)/atmel/studio/7.0/toolchain/avr8/avr8-gnu-toolchain/bin/../lib/gcc/avr/4.9.2/../../../../avr/lib/avr5\libc.a(realloc.o)
                0x00002910                realloc
 .text.avr-libc
                0x00002aa4       0x4e c:/program files (x86)/atmel/studio/7.0/toolchain/avr8/avr8-gnu-toolchain/bin/../lib/gcc/avr/4.9.2/../../../../avr/lib/avr5\libc.a(atol.o)
                0x00002aa4                atol
 .text.avr-libc
                0x00002af2       0x10 c:/program files (x86)/atmel/studio/7.0/toolchain/avr8/avr8-gnu-toolchain/bin/../lib/gcc/avr/4.9.2/../../../../avr/lib/avr5\libc.a(tolower.o)
                0x00002af2                tolower
 .text.avr-libc
                0x00002b02       0x10 c:/program files (x86)/atmel/studio/7.0/toolchain/avr8/avr8-gnu-toolchain/bin/../lib/gcc/avr/4.9.2/../../../../avr/lib/avr5\libc.a(toupper.o)
                0x00002b02                toupper
 .text.avr-libc
                0x00002b12       0x12 c:/program files (x86)/atmel/studio/7.0/toolchain/avr8/avr8-gnu-toolchain/bin/../lib/gcc/avr/4.9.2/../../../../avr/lib/avr5\libc.a(memcpy.o)
                0x00002b12                memcpy
 .text.avr-libc
                0x00002b24       0x16 c:/program files (x86)/atmel/studio/7.0/toolchain/avr8/avr8-gnu-toolchain/bin/../lib/gcc/avr/4.9.2/../../../../avr/lib/avr5\libc.a(strchr.o)
                0x00002b24                strchr
 .text.avr-libc
                0x00002b3a       0x12 c:/program files (x86)/atmel/studio/7.0/toolchain/avr8/avr8-gnu-toolchain/bin/../lib/gcc/avr/4.9.2/../../../../avr/lib/avr5\libc.a(strcmp.o)
                0x00002b3a                strcmp
 .text.avr-libc
                0x00002b4c        0xe c:/program files (x86)/atmel/studio/7.0/toolchain/avr8/avr8-gnu-toolchain/bin/../lib/gcc/avr/4.9.2/../../../../avr/lib/avr5\libc.a(strcpy.o)
                0x00002b4c                strcpy
 .text.avr-libc
                0x00002b5a       0x34 c:/program files (x86)/atmel/studio/7.0/toolchain/avr8/avr8-gnu-toolchain/bin/../lib/gcc/avr/4.9.2/../../../../avr/lib/avr5\libc.a(strstr.o)
                0x00002b5a                strstr
 .text.avr-libc
                0x00002b8e       0x2a c:/program files (x86)/atmel/studio/7.0/toolchain/avr8/avr8-gnu-toolchain/bin/../lib/gcc/avr/4.9.2/../../../../avr/lib/avr5\libc.a(mulsi10.o)
                0x00002b8e                __mulsi_const_10
 .text.libgcc.prologue
                0x00002bb8       0x38 c:/program files (x86)/atmel/studio/7.0/toolchain/avr8/avr8-gnu-toolchain/bin/../lib/gcc/avr/4.9.2/avr5\libgcc.a(_prologue.o)
                0x00002bb8                __prologue_saves__
 .text.libgcc.prologue
                0x00002bf0       0x36 c:/program files (x86)/atmel/studio/7.0/toolchain/avr8/avr8-gnu-toolchain/bin/../lib/gcc/avr/4.9.2/avr5\libgcc.a(_epilogue.o)
                0x00002bf0                __epilogue_restores__
                0x00002c26                . = ALIGN (0x2)
 *(.fini9)
 .fini9         0x00002c26        0x0 c:/program files (x86)/atmel/studio/7.0/toolchain/avr8/avr8-gnu-toolchain/bin/../lib/gcc/avr/4.9.2/avr5\libgcc.a(_exit.o)
                0x00002c26                _exit
                0x00002c26                exit
 *(.fini9)
 *(.fini8)
 *(.fini8)
 *(.fini7)
 *(.fini7)
 *(.fini6)
 .fini6         0x00002c26       0x16 c:/program files (x86)/atmel/studio/7.0/toolchain/avr8/avr8-gnu-toolchain/bin/../lib/gcc/avr/4.9.2/avr5\libgcc.a(_dtors.o)
                0x00002c26                __do_global_dtors
 *(.fini6)
 *(.fini5)
 *(.fini5)
 *(.fini4)
 *(.fini4)
 *(.fini3)
 *(.fini3)
 *(.fini2)
 *(.fini2)
 *(.fini1)
 *(.fini1)
 *(.fini0)
 .fini0         0x00002c3c        0x4 c:/program files (x86)/atmel/studio/7.0/toolchain/avr8/avr8-gnu-toolchain/bin/../lib/gcc/avr/4.9.2/avr5\libgcc.a(_exit.o)
 *(.fini0)
                0x00002c40                _etext = .

.data           0x00800100       0x78 load address 0x00002c40
                0x00800100                PROVIDE (__data_start, .)
 *(.data)
 .data          0x00800100        0x6 c:/program files (x86)/atmel/studio/7.0/toolchain/avr8/avr8-gnu-toolchain/bin/../lib/gcc/avr/4.9.2/../../../../avr/lib/avr5\libc.a(malloc.o)
                0x00800100                __malloc_heap_end
                0x00800102                __malloc_heap_start
                0x00800104                __malloc_margin
 *(.data*)
 .data.slave_address
                0x00800106        0x2 main.o
                0x00800106                slave_address
 .data.consKd   0x00800108        0x4 main.o
                0x00800108                consKd
 .data.consKi   0x0080010c        0x4 main.o
                0x0080010c                consKi
 .data.consKp   0x00800110        0x4 main.o
                0x00800110                consKp
 .data._ZL8_intFunc
                0x00800114        0x2 Timer1.o
 .data._ZL9tone_pins
                0x00800116        0x1 Tone.o
 .data.intFunc  0x00800117        0x4 WInterrupts.o
 *(.rodata)
 .rodata        0x0080011b        0xa Timer1.o
 *(.rodata*)
 .rodata._ZTV14HardwareSerial
                0x00800125       0x12 HardwareSerial.o
                0x00800125                _ZTV14HardwareSerial
 .rodata._ZTV9IPAddress
                0x00800137        0x6 IPAddress.o
                0x00800137                _ZTV9IPAddress
 .rodata.str1.1
                0x0080013d       0x1a main.o
                                 0x1b (size before relaxing)
 .rodata.str1.1
                0x00800157        0xf Print.o
 .rodata.str1.1
                0x00800166        0x1 Stream.o
 .rodata.str1.1
                0x00800166        0x5 Timer1.o
 .rodata._ZTV7TwoWire
                0x00800166       0x12 Wire.o
                0x00800166                _ZTV7TwoWire
 .rodata.str1.1
                0x00800178        0x1 WString.o
 *(.gnu.linkonce.d*)
                0x0080017a                . = ALIGN (0x2)
                0x0080017a                _edata = .
                0x0080017a                PROVIDE (__data_end, .)

.bss            0x00800178      0x1e7
                0x00800178                PROVIDE (__bss_start, .)
 *(.bss)
 *(.bss*)
 .bss.Serial    0x00800178       0x9d HardwareSerial0.o
                0x00800178                Serial
 .bss._ZL11INADDR_NONE
                0x00800215        0x6 IPAddress.o
 .bss.received  0x0080021b        0x1 main.o
                0x0080021b                received
 .bss.encode_num
                0x0080021c        0x2 main.o
                0x0080021c                encode_num
 .bss.MAX_encode_num
                0x0080021e        0x2 main.o
                0x0080021e                MAX_encode_num
 .bss.tc1       0x00800220        0xc main.o
                0x00800220                tc1
 .bss.myPID     0x0080022c       0x3c main.o
                0x0080022c                myPID
 .bss.kd        0x00800268        0x6 main.o
                0x00800268                kd
 .bss.ki        0x0080026e        0x6 main.o
                0x0080026e                ki
 .bss.kp        0x00800274        0x6 main.o
                0x00800274                kp
 .bss.consA     0x0080027a        0x2 main.o
                0x0080027a                consA
 .bss.Output    0x0080027c        0x4 main.o
                0x0080027c                Output
 .bss.Input     0x00800280        0x4 main.o
                0x00800280                Input
 .bss.Setpoint  0x00800284        0x4 main.o
                0x00800284                Setpoint
 .bss.timer2_pin_mask
                0x00800288        0x1 Tone.o
                0x00800288                timer2_pin_mask
 .bss.timer2_pin_port
                0x00800289        0x2 Tone.o
                0x00800289                timer2_pin_port
 .bss.timer2_toggle_count
                0x0080028b        0x4 Tone.o
                0x0080028b                timer2_toggle_count
 .bss.twi_error
                0x0080028f        0x1 twi.o
 .bss.twi_rxBufferIndex
                0x00800290        0x1 twi.o
 .bss.twi_rxBuffer
                0x00800291       0x20 twi.o
 .bss.twi_txBufferLength
                0x008002b1        0x1 twi.o
 .bss.twi_txBufferIndex
                0x008002b2        0x1 twi.o
 .bss.twi_txBuffer
                0x008002b3       0x20 twi.o
 .bss.twi_masterBufferLength
                0x008002d3        0x1 twi.o
 .bss.twi_masterBufferIndex
                0x008002d4        0x1 twi.o
 .bss.twi_masterBuffer
                0x008002d5       0x20 twi.o
 .bss.twi_onSlaveReceive
                0x008002f5        0x2 twi.o
 .bss.twi_onSlaveTransmit
                0x008002f7        0x2 twi.o
 .bss.twi_inRepStart
                0x008002f9        0x1 twi.o
 .bss.twi_sendStop
                0x008002fa        0x1 twi.o
 .bss.twi_slarw
                0x008002fb        0x1 twi.o
 .bss.twi_state
                0x008002fc        0x1 twi.o
 .bss.Wire      0x008002fd        0xc Wire.o
                0x008002fd                Wire
 .bss._ZN7TwoWire14user_onReceiveE
                0x00800309        0x2 Wire.o
                0x00800309                _ZN7TwoWire14user_onReceiveE
 .bss._ZN7TwoWire14user_onRequestE
                0x0080030b        0x2 Wire.o
                0x0080030b                _ZN7TwoWire14user_onRequestE
 .bss._ZN7TwoWire12transmittingE
                0x0080030d        0x1 Wire.o
                0x0080030d                _ZN7TwoWire12transmittingE
 .bss._ZN7TwoWire14txBufferLengthE
                0x0080030e        0x1 Wire.o
                0x0080030e                _ZN7TwoWire14txBufferLengthE
 .bss._ZN7TwoWire13txBufferIndexE
                0x0080030f        0x1 Wire.o
                0x0080030f                _ZN7TwoWire13txBufferIndexE
 .bss._ZN7TwoWire8txBufferE
                0x00800310       0x20 Wire.o
                0x00800310                _ZN7TwoWire8txBufferE
 .bss._ZN7TwoWire14rxBufferLengthE
                0x00800330        0x1 Wire.o
                0x00800330                _ZN7TwoWire14rxBufferLengthE
 .bss._ZN7TwoWire13rxBufferIndexE
                0x00800331        0x1 Wire.o
                0x00800331                _ZN7TwoWire13rxBufferIndexE
 .bss._ZN7TwoWire8rxBufferE
                0x00800332       0x20 Wire.o
                0x00800332                _ZN7TwoWire8rxBufferE
 .bss.timer0_fract
                0x00800352        0x1 wiring.o
 .bss.timer0_millis
                0x00800353        0x4 wiring.o
                0x00800353                timer0_millis
 .bss.timer0_overflow_count
                0x00800357        0x4 wiring.o
                0x00800357                timer0_overflow_count
 *(COMMON)
 COMMON         0x0080035b        0x4 c:/program files (x86)/atmel/studio/7.0/toolchain/avr8/avr8-gnu-toolchain/bin/../lib/gcc/avr/4.9.2/../../../../avr/lib/avr5\libc.a(malloc.o)
                0x0080035b                __brkval
                0x0080035d                __flp
                0x0080035f                PROVIDE (__bss_end, .)
                0x00002c40                __data_load_start = LOADADDR (.data)
                0x00002cb8                __data_load_end = (__data_load_start + SIZEOF (.data))

.noinit         0x0080035f        0x0
                [!provide]                PROVIDE (__noinit_start, .)
 *(.noinit*)
                [!provide]                PROVIDE (__noinit_end, .)
                0x0080035f                _end = .
                0x0080035f                PROVIDE (__heap_start, .)

.eeprom         0x00810000        0x0
 *(.eeprom*)
                0x00810000                __eeprom_end = .

.fuse
 *(.fuse)
 *(.lfuse)
 *(.hfuse)
 *(.efuse)

.lock
 *(.lock*)

.signature
 *(.signature*)

.user_signatures
 *(.user_signatures*)

.stab
 *(.stab)

.stabstr
 *(.stabstr)

.stab.excl
 *(.stab.excl)

.stab.exclstr
 *(.stab.exclstr)

.stab.index
 *(.stab.index)

.stab.indexstr
 *(.stab.indexstr)

.comment        0x00000000       0x30
 *(.comment)
 .comment       0x00000000       0x30 HardwareSerial.o
                                 0x31 (size before relaxing)
 .comment       0x00000030       0x31 HardwareSerial0.o
 .comment       0x00000030       0x31 IPAddress.o
 .comment       0x00000030       0x31 main.o
 .comment       0x00000030       0x31 PID_v1.o
 .comment       0x00000030       0x31 Print.o
 .comment       0x00000030       0x31 Stream.o
 .comment       0x00000030       0x31 Timer1.o
 .comment       0x00000030       0x31 Tone.o
 .comment       0x00000030       0x31 twi.o
 .comment       0x00000030       0x31 WInterrupts.o
 .comment       0x00000030       0x31 Wire.o
 .comment       0x00000030       0x31 wiring.o
 .comment       0x00000030       0x31 wiring_analog.o
 .comment       0x00000030       0x31 wiring_digital.o
 .comment       0x00000030       0x31 WString.o
 .comment       0x00000030       0x31 c:/program files (x86)/atmel/studio/7.0/toolchain/avr8/avr8-gnu-toolchain/bin/../lib/gcc/avr/4.9.2/../../../../avr/lib/avr5\libc.a(malloc.o)
 .comment       0x00000030       0x31 c:/program files (x86)/atmel/studio/7.0/toolchain/avr8/avr8-gnu-toolchain/bin/../lib/gcc/avr/4.9.2/../../../../avr/lib/avr5\libc.a(realloc.o)

.note.gnu.avr.deviceinfo
                0x00000000       0x40
 .note.gnu.avr.deviceinfo
                0x00000000       0x40 C:/Program Files (x86)/Atmel/Studio/7.0/Packs/atmel/ATmega_DFP/1.0.106/gcc/dev/atmega328p/avr5/crtatmega328p.o

.note.gnu.build-id
 *(.note.gnu.build-id)

.debug
 *(.debug)

.line
 *(.line)

.debug_srcinfo
 *(.debug_srcinfo)

.debug_sfnames
 *(.debug_sfnames)

.debug_aranges  0x00000000      0x938
 *(.debug_aranges)
 .debug_aranges
                0x00000000       0x68 HardwareSerial.o
 .debug_aranges
                0x00000068       0x48 HardwareSerial0.o
 .debug_aranges
                0x000000b0       0x68 IPAddress.o
 .debug_aranges
                0x00000118       0x80 main.o
 .debug_aranges
                0x00000198       0x90 PID_v1.o
 .debug_aranges
                0x00000228       0xf8 Print.o
 .debug_aranges
                0x00000320       0x90 Stream.o
 .debug_aranges
                0x000003b0       0x60 Timer1.o
 .debug_aranges
                0x00000410       0x38 Tone.o
 .debug_aranges
                0x00000448       0x80 twi.o
 .debug_aranges
                0x000004c8       0x40 WInterrupts.o
 .debug_aranges
                0x00000508       0xf8 Wire.o
 .debug_aranges
                0x00000600       0x48 wiring.o
 .debug_aranges
                0x00000648       0x30 wiring_analog.o
 .debug_aranges
                0x00000678       0x38 wiring_digital.o
 .debug_aranges
                0x000006b0      0x288 WString.o

.debug_pubnames
 *(.debug_pubnames)

.debug_info     0x00000000    0x15aef
 *(.debug_info .gnu.linkonce.wi.*)
 .debug_info    0x00000000     0x1b3f HardwareSerial.o
 .debug_info    0x00001b3f     0x189e HardwareSerial0.o
 .debug_info    0x000033dd     0x1848 IPAddress.o
 .debug_info    0x00004c25     0x25a2 main.o
 .debug_info    0x000071c7      0xbcb PID_v1.o
 .debug_info    0x00007d92     0x26f0 Print.o
 .debug_info    0x0000a482     0x1e42 Stream.o
 .debug_info    0x0000c2c4     0x1568 Timer1.o
 .debug_info    0x0000d82c      0x75b Tone.o
 .debug_info    0x0000df87      0x724 twi.o
 .debug_info    0x0000e6ab      0x217 WInterrupts.o
 .debug_info    0x0000e8c2     0x2567 Wire.o
 .debug_info    0x00010e29      0x2cf wiring.o
 .debug_info    0x000110f8      0x2d1 wiring_analog.o
 .debug_info    0x000113c9      0x5d6 wiring_digital.o
 .debug_info    0x0001199f     0x4150 WString.o

.debug_abbrev   0x00000000     0x32e1
 *(.debug_abbrev)
 .debug_abbrev  0x00000000      0x3a9 HardwareSerial.o
 .debug_abbrev  0x000003a9      0x3a8 HardwareSerial0.o
 .debug_abbrev  0x00000751      0x43b IPAddress.o
 .debug_abbrev  0x00000b8c      0x557 main.o
 .debug_abbrev  0x000010e3      0x299 PID_v1.o
 .debug_abbrev  0x0000137c      0x3f1 Print.o
 .debug_abbrev  0x0000176d      0x3f5 Stream.o
 .debug_abbrev  0x00001b62      0x38e Timer1.o
 .debug_abbrev  0x00001ef0      0x279 Tone.o
 .debug_abbrev  0x00002169      0x251 twi.o
 .debug_abbrev  0x000023ba       0xfc WInterrupts.o
 .debug_abbrev  0x000024b6      0x578 Wire.o
 .debug_abbrev  0x00002a2e      0x145 wiring.o
 .debug_abbrev  0x00002b73      0x190 wiring_analog.o
 .debug_abbrev  0x00002d03      0x149 wiring_digital.o
 .debug_abbrev  0x00002e4c      0x495 WString.o

.debug_line     0x00000000     0x4abb
 *(.debug_line .debug_line.* .debug_line_end)
 .debug_line    0x00000000      0x41a HardwareSerial.o
 .debug_line    0x0000041a      0x258 HardwareSerial0.o
 .debug_line    0x00000672      0x348 IPAddress.o
 .debug_line    0x000009ba      0x40d main.o
 .debug_line    0x00000dc7      0x474 PID_v1.o
 .debug_line    0x0000123b      0x6b5 Print.o
 .debug_line    0x000018f0      0x614 Stream.o
 .debug_line    0x00001f04      0x2c5 Timer1.o
 .debug_line    0x000021c9      0x3da Tone.o
 .debug_line    0x000025a3      0x560 twi.o
 .debug_line    0x00002b03      0x16c WInterrupts.o
 .debug_line    0x00002c6f      0x5a3 Wire.o
 .debug_line    0x00003212      0x273 wiring.o
 .debug_line    0x00003485      0x1d3 wiring_analog.o
 .debug_line    0x00003658      0x22e wiring_digital.o
 .debug_line    0x00003886     0x1235 WString.o

.debug_frame    0x00000000     0x212c
 *(.debug_frame)
 .debug_frame   0x00000000      0x110 HardwareSerial.o
 .debug_frame   0x00000110       0xec HardwareSerial0.o
 .debug_frame   0x000001fc      0x108 IPAddress.o
 .debug_frame   0x00000304      0x160 main.o
 .debug_frame   0x00000464      0x36c PID_v1.o
 .debug_frame   0x000007d0      0x3ac Print.o
 .debug_frame   0x00000b7c      0x308 Stream.o
 .debug_frame   0x00000e84      0x1a0 Timer1.o
 .debug_frame   0x00001024      0x100 Tone.o
 .debug_frame   0x00001124      0x134 twi.o
 .debug_frame   0x00001258       0xf4 WInterrupts.o
 .debug_frame   0x0000134c      0x284 Wire.o
 .debug_frame   0x000015d0       0xc4 wiring.o
 .debug_frame   0x00001694       0x54 wiring_analog.o
 .debug_frame   0x000016e8       0x7c wiring_digital.o
 .debug_frame   0x00001764      0x9c8 WString.o

.debug_str      0x00000000     0x2da1
 *(.debug_str)
 .debug_str     0x00000000     0x11eb HardwareSerial.o
                               0x1284 (size before relaxing)
 .debug_str     0x000011eb       0xb5 HardwareSerial0.o
                               0x10c7 (size before relaxing)
 .debug_str     0x000012a0      0x2ac IPAddress.o
                                0xe54 (size before relaxing)
 .debug_str     0x0000154c      0x58e main.o
                               0x1550 (size before relaxing)
 .debug_str     0x00001ada       0xd5 PID_v1.o
                                0x4f5 (size before relaxing)
 .debug_str     0x00001baf      0x330 Print.o
                                0xf35 (size before relaxing)
 .debug_str     0x00001edf       0x96 Stream.o
                                0xf8e (size before relaxing)
 .debug_str     0x00001f75       0xad Timer1.o
                                0xc90 (size before relaxing)
 .debug_str     0x00002022      0x194 Tone.o
                                0x3d7 (size before relaxing)
 .debug_str     0x000021b6      0x274 twi.o
                                0x382 (size before relaxing)
 .debug_str     0x0000242a       0x46 WInterrupts.o
                                0x1f3 (size before relaxing)
 .debug_str     0x00002470      0x460 Wire.o
                               0x157d (size before relaxing)
 .debug_str     0x000028d0       0x7e wiring.o
                                0x206 (size before relaxing)
 .debug_str     0x0000294e       0x5f wiring_analog.o
                                0x20a (size before relaxing)
 .debug_str     0x000029ad       0x44 wiring_digital.o
                                0x26b (size before relaxing)
 .debug_str     0x000029f1      0x3b0 WString.o
                                0xec4 (size before relaxing)

.debug_loc      0x00000000     0xbfe0
 *(.debug_loc)
 .debug_loc     0x00000000      0x484 HardwareSerial.o
 .debug_loc     0x00000484      0x1a1 HardwareSerial0.o
 .debug_loc     0x00000625      0x41b IPAddress.o
 .debug_loc     0x00000a40      0x2a7 main.o
 .debug_loc     0x00000ce7      0xfa2 PID_v1.o
 .debug_loc     0x00001c89     0x1d88 Print.o
 .debug_loc     0x00003a11     0x1421 Stream.o
 .debug_loc     0x00004e32      0x695 Timer1.o
 .debug_loc     0x000054c7      0xb57 Tone.o
 .debug_loc     0x0000601e      0x58e twi.o
 .debug_loc     0x000065ac      0x235 WInterrupts.o
 .debug_loc     0x000067e1      0xbf7 Wire.o
 .debug_loc     0x000073d8      0x24a wiring.o
 .debug_loc     0x00007622      0x106 wiring_analog.o
 .debug_loc     0x00007728      0x5c4 wiring_digital.o
 .debug_loc     0x00007cec     0x42f4 WString.o

.debug_macinfo
 *(.debug_macinfo)

.debug_weaknames
 *(.debug_weaknames)

.debug_funcnames
 *(.debug_funcnames)

.debug_typenames
 *(.debug_typenames)

.debug_varnames
 *(.debug_varnames)

.debug_pubtypes
 *(.debug_pubtypes)

.debug_ranges   0x00000000      0x948
 *(.debug_ranges)
 .debug_ranges  0x00000000       0x58 HardwareSerial.o
 .debug_ranges  0x00000058       0x38 HardwareSerial0.o
 .debug_ranges  0x00000090       0x78 IPAddress.o
 .debug_ranges  0x00000108       0x88 main.o
 .debug_ranges  0x00000190       0x80 PID_v1.o
 .debug_ranges  0x00000210      0x100 Print.o
 .debug_ranges  0x00000310       0xe0 Stream.o
 .debug_ranges  0x000003f0       0x50 Timer1.o
 .debug_ranges  0x00000440       0x58 Tone.o
 .debug_ranges  0x00000498       0x70 twi.o
 .debug_ranges  0x00000508       0x30 WInterrupts.o
 .debug_ranges  0x00000538       0xe8 Wire.o
 .debug_ranges  0x00000620       0x38 wiring.o
 .debug_ranges  0x00000658       0x20 wiring_analog.o
 .debug_ranges  0x00000678       0x28 wiring_digital.o
 .debug_ranges  0x000006a0      0x2a8 WString.o

.debug_macro
 *(.debug_macro)
OUTPUT(GccApplication84.elf elf32-avr)
LOAD linker stubs
